#
# A fatal error has been detected by the Java Runtime Environment:
#
#  EXCEPTION_ACCESS_VIOLATION (0xc0000005) at pc=0x00007ffa43073080, pid=18364, tid=10808
#
# JRE version: OpenJDK Runtime Environment Corretto-23.0.1.8.1 (23.0.1+8) (build 23.0.1+8-FR)
# Java VM: OpenJDK 64-Bit Server VM Corretto-23.0.1.8.1 (23.0.1+8-FR, mixed mode, sharing, tiered, compressed oops, compressed class ptrs, g1 gc, windows-amd64)
# Problematic frame:
# C  [msvcp140.dll+0x13080]
#
# No core dump will be written. Minidumps are not enabled by default on client versions of Windows
#
# If you would like to submit a bug report, please visit:
#   https://github.com/corretto/corretto-23/issues/
# The crash happened outside the Java Virtual Machine in native code.
# See problematic frame for where to report the bug.
#

---------------  S U M M A R Y ------------

Command Line: -Djava.library.path=build-bc/bin JniSmoke

Host: 13th Gen Intel(R) Core(TM) i9-13950HX, 32 cores, 63G,  Windows 11 , 64 bit Build 26100 (10.0.26100.8521)
Time: Sat Aug  1 19:56:27 2026 Arabian Standard Time elapsed time: 0.047065 seconds (0d 0h 0m 0s)

---------------  T H R E A D  ---------------

Current thread (0x000001b8477f39a0):  JavaThread "main"             [_thread_in_native, id=10808, stack(0x0000001f50b00000,0x0000001f50c00000) (1024K)]

Stack: [0x0000001f50b00000,0x0000001f50c00000],  sp=0x0000001f50bfee60,  free space=1019k
Native frames: (J=compiled Java code, j=interpreted, Vv=VM code, C=native code)
C  [msvcp140.dll+0x13080]  (no source info available)
C  [twk_jni.dll+0x217af]  twk::Client::registerLive+0x1f  (client.cpp:45)
C  [twk_jni.dll+0x1245d]  twk::Client::Client+0x70d  (client.cpp:70)
C  0x000001b859a1d207  (no source info available)

The last pc belongs to native method entry point (kind = native) (printed below).
Java frames: (J=compiled Java code, j=interpreted, Vv=VM code)
j  org.ton.walletkit.core.Native.clientCreate(J)J+0
j  org.ton.walletkit.core.WalletKitClient.<init>(Lorg/ton/walletkit/core/WalletKitHost;)V+76
j  JniSmoke.main([Ljava/lang/String;)V+41
v  ~StubRoutines::call_stub 0x000001b859a10fcd

siginfo: EXCEPTION_ACCESS_VIOLATION (0xc0000005), reading address 0x0000000000000000


Registers:
RAX=0x0000000000000000, RBX=0x00007ff9bf1b6000, RCX=0x00007ff9bf1b6008, RDX=0x0000000000000000
RSP=0x0000001f50bfee60, RBP=0x0000001f50bff000, RSI=0x00007ff9bf1b6000, RDI=0x000001b84130d110
R8 =0x0000001f50bfe758, R9 =0x0000000000000000, R10=0x0000000000000000, R11=0x0000000000000246
R12=0x0000000000000000, R13=0x000001b842407238, R14=0x0000000000000000, R15=0x0000000000000008
RIP=0x00007ffa43073080, EFLAGS=0x0000000000010282


Register to memory mapping:

RAX=0x0 is null
RBX=0x00007ff9bf1b6000 twk_jni.dll::`twk::registry_mutex'::`2'::m + 0x0
RCX=0x00007ff9bf1b6008 twk_jni.dll::`twk::registry_mutex'::`2'::m + 0x8
RDX=0x0 is null
RSP=0x0000001f50bfee60 is pointing into the stack for thread: 0x000001b8477f39a0
RBP=0x0000001f50bff000 is pointing into the stack for thread: 0x000001b8477f39a0
RSI=0x00007ff9bf1b6000 twk_jni.dll::`twk::registry_mutex'::`2'::m + 0x0
RDI=0x000001b84130d110 points into unknown readable memory: 0x000001b841314be0 | e0 4b 31 41 b8 01 00 00
R8 =0x0000001f50bfe758 is pointing into the stack for thread: 0x000001b8477f39a0
R9 =0x0 is null
R10=0x0 is null
R11=0x0000000000000246 is an unknown value
R12=0x0 is null
R13={method} {0x000001b842407240} 'clientCreate' '(J)J' in 'org/ton/walletkit/core/Native'
R14=0x0 is null
R15=0x0000000000000008 is an unknown value

Top of Stack: (sp=0x0000001f50bfee60)
0x0000001f50bfee60:   0000000000000000 0000001f50bfee90
0x0000001f50bfee70:   000001b8412fccd0 00007ff9bee8adca
0x0000001f50bfee80:   000001b8412fccd0 0000001f50bfef38
0x0000001f50bfee90:   0000f9a09b0a1d1f 000001b84130ce00
0x0000001f50bfeea0:   0000000000000000 000001b84130d110
0x0000001f50bfeeb0:   000001b84130d060 00007ff9bee817af
0x0000001f50bfeec0:   000001b80000451c 0000001f50bfef38
0x0000001f50bfeed0:   00007ff9bf1b6000 000001b8477f390b
0x0000001f50bfeee0:   000001b84130d110 000001b84130d060
0x0000001f50bfeef0:   000001b84130ce00 00007ff9bee7245d
0x0000001f50bfef00:   000001b84130ce00 00007ff9bf1b6000
0x0000001f50bfef10:   000001b84130ce00 0000000000000036
0x0000001f50bfef20:   000001b84130d060 000001b8412e7eb0
0x0000001f50bfef30:   000001b84130ce00 00007ff9bef65118
0x0000001f50bfef40:   000001b84130ce00 0000000000000360
0x0000001f50bfef50:   000001b8477c04e8 0000001f50bfefc0
0x0000001f50bfef60:   0000001f50bfef79 000000000000002f
0x0000001f50bfef70:   0000000000000000 00007ff9bef65160
0x0000001f50bfef80:   000001b84130ce00 000000000000000c
0x0000001f50bfef90:   0000000000000000 0000001f50bff270
0x0000001f50bfefa0:   0000000000000358 000001b8477c0000
0x0000001f50bfefb0:   0000000000000000 00007ff9bef651a8
0x0000001f50bfefc0:   000001b84130ce00 0000000000000000
0x0000001f50bfefd0:   000001b8477f39a0 fffffffe00000000
0x0000001f50bfefe0:   0000000000000000 0000000000000000
0x0000001f50bfeff0:   0000000000000000 00007ff9b7334a9e
0x0000001f50bff000:   00007ff9bef65118 000001b84130ce00
0x0000001f50bff010:   0000010000000000 0000001f50bff2c8
0x0000001f50bff020:   0000001f50bff268 00007ff9b733ef31
0x0000001f50bff030:   00001672191b8b76 0000000000000000
0x0000001f50bff040:   00007ff9bef65160 000001b84130ce00
0x0000001f50bff050:   00007ff9bee62347 00007ff9b7361cc0 

Instructions: (pc=0x00007ffa43073080)
0x00007ffa43072f80:   07 00 85 d2 74 11 83 ea 01 74 0c 83 fa 01 74 2a
0x00007ffa43072f90:   ff 15 02 25 04 00 cc 48 83 3d 89 34 07 00 00 74
0x00007ffa43072fa0:   19 48 8d 05 20 62 04 00 48 89 01 48 83 c1 08 48
0x00007ffa43072fb0:   83 c4 28 48 ff 25 26 22 04 00 48 8d 05 d7 61 04
0x00007ffa43072fc0:   00 45 33 c0 48 89 01 ba a0 0f 00 00 48 83 c1 08
0x00007ffa43072fd0:   48 83 c4 28 48 ff 25 ed 21 04 00 cc cc cc cc cc
0x00007ffa43072fe0:   48 83 c1 08 48 ff 25 cd 21 04 00 cc cc cc cc cc
0x00007ffa43072ff0:   48 83 c1 08 48 ff 25 dd 21 04 00 cc cc cc cc cc
0x00007ffa43073000:   48 83 c1 08 48 ff 25 45 20 04 00 cc 48 89 5c 24
0x00007ffa43073010:   18 56 57 41 56 48 83 ec 40 48 8b 05 18 03 07 00
0x00007ffa43073020:   48 33 c4 48 89 44 24 30 8b 01 4c 8b f2 0f ba f0
0x00007ffa43073030:   08 48 8b f1 83 f8 01 75 2c ff 15 b9 21 04 00 39
0x00007ffa43073040:   46 48 74 19 48 8d 4e 08 48 8b 01 48 8b 00 ff 15
0x00007ffa43073050:   64 26 04 00 ff 15 9e 21 04 00 89 46 48 ff 46 4c
0x00007ffa43073060:   e9 f3 00 00 00 4d 85 f6 75 24 ff 15 88 21 04 00
0x00007ffa43073070:   39 46 48 0f 84 9d 00 00 00 48 8d 4e 08 48 8b 01
0x00007ffa43073080:   48 8b 00 ff 15 2f 26 04 00 e9 88 00 00 00 48 83
0x00007ffa43073090:   3a 00 7c 62 75 06 83 7a 08 00 7e 5a ba 01 00 00
0x00007ffa430730a0:   00 48 8d 4c 24 20 e8 15 09 00 00 48 8b 44 24 20
0x00007ffa430730b0:   49 3b 06 7c 0c 75 7d 41 8b 46 08 39 44 24 28 7d
0x00007ffa430730c0:   73 ff 15 31 21 04 00 39 46 48 74 4a 48 8b 46 08
0x00007ffa430730d0:   48 8d 54 24 20 49 8b ce 48 8b 58 10 e8 cf 07 00
0x00007ffa430730e0:   00 8b d0 48 8d 4e 08 48 8b c3 ff 15 c8 25 04 00
0x00007ffa430730f0:   84 c0 75 22 eb a6 ff 15 fc 20 04 00 39 46 48 74
0x00007ffa43073100:   15 48 8d 4e 08 48 8b 01 48 8b 40 08 ff 15 a6 25
0x00007ffa43073110:   04 00 84 c0 74 1e 8b 4e 4c 8d 41 01 89 46 4c 83
0x00007ffa43073120:   f8 01 7e 2b f7 06 00 01 00 00 75 2c 89 4e 4c 4d
0x00007ffa43073130:   85 f6 74 14 49 83 3e 00 75 07 41 83 7e 08 00 74
0x00007ffa43073140:   07 b8 02 00 00 00 eb 12 b8 03 00 00 00 eb 0b ff
0x00007ffa43073150:   15 a3 20 04 00 89 46 48 33 c0 48 8b 4c 24 30 48
0x00007ffa43073160:   33 cc e8 f9 f3 03 00 48 8b 5c 24 70 48 83 c4 40
0x00007ffa43073170:   41 5e 5f 5e c3 cc cc cc cc cc cc cc cc cc cc cc 


Stack slot to memory mapping:

stack at sp + 0 slots: 0x0 is null
stack at sp + 1 slots: 0x0000001f50bfee90 is pointing into the stack for thread: 0x000001b8477f39a0
stack at sp + 2 slots: 0x000001b8412fccd0 points into unknown readable memory: 0x00007ff9bef65118 | 18 51 f6 be f9 7f 00 00
stack at sp + 3 slots: 0x00007ff9bee8adca twk_jni.dll::twk::EventLoop::start + 0xfa
stack at sp + 4 slots: 0x000001b8412fccd0 points into unknown readable memory: 0x00007ff9bef65118 | 18 51 f6 be f9 7f 00 00
stack at sp + 5 slots: 0x0000001f50bfef38 is pointing into the stack for thread: 0x000001b8477f39a0
stack at sp + 6 slots: 0x0000f9a09b0a1d1f is an unknown value
stack at sp + 7 slots: 0x000001b84130ce00 points into unknown readable memory: 0x000001b8412e7be0 | e0 7b 2e 41 b8 01 00 00

Lock stack of current Java thread (top to bottom):

native method entry point (kind = native)  [0x000001b859a1cde0, 0x000001b859a1d938]  2904 bytes
[MachCode]
  0x000001b859a1cde0: 488b 4b08 | 0fb7 492e | 584c 8d74 | ccf8 6800 | 0000 0068 | 0000 0000 | 5055 488b | ec41 5568 
  0x000001b859a1ce00: 0000 0000 | 4c8b 6b08 | 4d8d 6d38 | 5348 8b53 | 0848 8b52 | 0848 8b52 | 1848 8b52 | 7048 8b12 
  0x000001b859a1ce20: 5248 8b53 | 1048 85d2 | 0f84 0700 | 0000 4881 | c210 0100 | 0052 488b | 5308 488b | 5208 488b 
  0x000001b859a1ce40: 5210 5249 | 8bc6 482b | c548 c1e8 | 0350 6800 | 0000 0068 | f7ff ffff | 41c6 8771 | 0400 0001 
  0x000001b859a1ce60: 488b 4310 | 4885 c074 | 208b 88cc | 0000 0083 | c102 8988 | cc00 0000 | 2388 e000 | 0000 0f84 
  0x000001b859a1ce80: 000a 0000 | e9cf 0000 | 0048 8b43 | 1848 85c0 | 0f85 b000 | 0000 e805 | 0000 00e9 | 9900 0000 
  0x000001b859a1cea0: 488b d348 | 8d44 2408 | 4c89 6dc0 | 498b cfc5 | f877 4989 | afb0 0300 | 0049 8987 | a003 0000 
  0x000001b859a1cec0: 4883 ec20 | 40f6 c40f | 0f84 1900 | 0000 4883 | ec08 48b8 | e01d 08b7 | f97f 0000 | ffd0 4883 
  0x000001b859a1cee0: c408 e90c | 0000 0048 | b8e0 1d08 | b7f9 7f00 | 00ff d048 | 83c4 2049 | c787 a003 | 0000 0000 
  0x000001b859a1cf00: 0000 49c7 | 87b0 0300 | 0000 0000 | 0049 c787 | a803 0000 | 0000 0000 | c5f8 7749 | 837f 0800 
  0x000001b859a1cf20: 0f84 0500 | 0000 e995 | 3fff ff4c | 8b6d c04c | 8b75 c84e | 8d74 f500 | c348 8b43 | 1848 85c0 
  0x000001b859a1cf40: 0f84 1200 | 0000 8b48 | 0883 c102 | 8948 0823 | 481c 0f84 | 2c09 0000 | 493b a7e8 | 0400 000f 
  0x000001b859a1cf60: 8748 0000 | 0089 8424 | 00f0 ffff | 8984 2400 | e0ff ff89 | 8424 00d0 | ffff 8984 | 2400 c0ff 
  0x000001b859a1cf80: ff89 8424 | 00b0 ffff | 8984 2400 | a0ff ff89 | 8424 0090 | ffff 8984 | 2400 80ff | ff49 3ba7 
  0x000001b859a1cfa0: e004 0000 | 7607 4989 | a7e8 0400 | 0041 c687 | 7104 0000 | 0049 ba44 | f196 b7f9 | 7f00 0041 
  0x000001b859a1cfc0: 803a 000f | 843e 0000 | 0048 8b55 | e849 8bcf | 4883 ec20 | 40f6 c40f | 0f84 1900 | 0000 4883 
  0x000001b859a1cfe0: ec08 48b8 | d02c 40b7 | f97f 0000 | ffd0 4883 | c408 e90c | 0000 0048 | b8d0 2c40 | b7f9 7f00 
  0x000001b859a1d000: 00ff d048 | 83c4 2048 | 8b5d e84c | 8b5b 0845 | 0fb7 5b2e | 41c1 e303 | 492b e348 | 83ec 2048 
  0x000001b859a1d020: 83e4 f04c | 8b5b 604d | 85db 0f85 | ab00 0000 | e805 0000 | 00e9 9900 | 0000 488b | d348 8d44 
  0x000001b859a1d040: 2408 4c89 | 6dc0 498b | cfc5 f877 | 4989 afb0 | 0300 0049 | 8987 a003 | 0000 4883 | ec20 40f6 
  0x000001b859a1d060: c40f 0f84 | 1900 0000 | 4883 ec08 | 48b8 1045 | 08b7 f97f | 0000 ffd0 | 4883 c408 | e90c 0000 
  0x000001b859a1d080: 0048 b810 | 4508 b7f9 | 7f00 00ff | d048 83c4 | 2049 c787 | a003 0000 | 0000 0000 | 49c7 87b0 
  0x000001b859a1d0a0: 0300 0000 | 0000 0049 | c787 a803 | 0000 0000 | 0000 c5f8 | 7749 837f | 0800 0f84 | 0500 0000 
  0x000001b859a1d0c0: e9fb 3dff | ff4c 8b6d | c04c 8b75 | c84e 8d74 | f500 c348 | 8b5d e84c | 8b5b 6041 | ffd3 488b 
  0x000001b859a1d0e0: 5de8 4889 | 4518 448b | 5b28 41f6 | c308 0f84 | 1b00 0000 | 4c8b 5b08 | 4d8b 5b08 | 4d8b 5b18 
  0x000001b859a1d100: 4d8b 5b70 | 4d8b 1b4c | 895d 1048 | 8d55 1048 | 8b43 5849 | bac0 7940 | b7f9 7f00 | 0049 3bc2 
  0x000001b859a1d120: 0f85 ab00 | 0000 e805 | 0000 00e9 | 9900 0000 | 488b d348 | 8d44 2408 | 4c89 6dc0 | 498b cfc5 
  0x000001b859a1d140: f877 4989 | afb0 0300 | 0049 8987 | a003 0000 | 4883 ec20 | 40f6 c40f | 0f84 1900 | 0000 4883 
  0x000001b859a1d160: ec08 48b8 | 1045 08b7 | f97f 0000 | ffd0 4883 | c408 e90c | 0000 0048 | b810 4508 | b7f9 7f00 
  0x000001b859a1d180: 00ff d048 | 83c4 2049 | c787 a003 | 0000 0000 | 0000 49c7 | 87b0 0300 | 0000 0000 | 0049 c787 
  0x000001b859a1d1a0: a803 0000 | 0000 0000 | c5f8 7749 | 837f 0800 | 0f84 0500 | 0000 e905 | 3dff ff4c | 8b6d c04c 
  0x000001b859a1d1c0: 8b75 c84e | 8d74 f500 | c348 8b5d | e848 8b43 | 5849 8d8f | c003 0000 | c5f8 7749 | 89af b003 
  0x000001b859a1d1e0: 0000 49ba | d8d1 a159 | b801 0000 | 4d89 97a8 | 0300 0049 | 89a7 a003 | 0000 41c7 | 8744 0400 
  0x000001b859a1d200: 0004 0000 | 00ff d0c5 | f877 4883 | ec10 c5fb | 1104 2448 | 83ec 1048 | 8904 2448 | c744 2408 
  0x000001b859a1d220: 0000 0000 | 41c7 8744 | 0400 0005 | 0000 00f0 | 8344 24c0 | 0049 3baf | 4804 0000 | 0f87 0e00 
  0x000001b859a1d240: 0000 4183 | bf40 0400 | 0000 0f84 | 2000 0000 | 498b cf4c | 8be4 4883 | ec20 4883 | e4f0 48b8 
  0x000001b859a1d260: d0a1 09b7 | f97f 0000 | ffd0 498b | e44d 33e4 | 41c7 8744 | 0400 0008 | 0000 0049 | c787 a003 
  0x000001b859a1d280: 0000 0000 | 0000 49c7 | 87b0 0300 | 0000 0000 | 0049 c787 | a803 0000 | 0000 0000 | c5f8 774d 
  0x000001b859a1d2a0: 8b9f 3004 | 0000 41c7 | 8300 0100 | 0000 0000 | 0049 bbda | a5a1 59b8 | 0100 004c | 3b5d 180f 
  0x000001b859a1d2c0: 8524 0200 | 0048 8b04 | 2448 83c4 | 1048 85c0 | 0f84 fe01 | 0000 a803 | 0f85 0800 | 0000 488b 
  0x000001b859a1d2e0: 00e9 ee01 | 0000 a801 | 0f85 0900 | 0000 488b | 40fe e9dd | 0100 0048 | 8b40 ff41 | 807f 3800 
  0x000001b859a1d300: 0f84 ce01 | 0000 4883 | f800 0f84 | c401 0000 | 4d8b 5f28 | 4983 fb00 | 0f84 1400 | 0000 4983 
  0x000001b859a1d320: eb08 4d89 | 5f28 4d03 | 5f30 4989 | 03e9 a201 | 0000 4881 | ecd0 0000 | 0048 8904 | 2448 894c 
  0x000001b859a1d340: 2408 4889 | 5424 1048 | 8974 2418 | 4889 7c24 | 204c 8944 | 2428 4c89 | 4c24 304c | 8954 2438 
  0x000001b859a1d360: 4c89 5c24 | 40c5 fb11 | 4424 50c5 | fb11 4c24 | 58c5 fb11 | 5424 60c5 | fb11 5c24 | 68c5 fb11 
  0x000001b859a1d380: 6424 70c5 | fb11 6c24 | 78c5 fb11 | b424 8000 | 0000 c5fb | 11bc 2488 | 0000 00c5 | 7b11 8424 
  0x000001b859a1d3a0: 9000 0000 | c57b 118c | 2498 0000 | 00c5 7b11 | 9424 a000 | 0000 c57b | 119c 24a8 | 0000 00c5 
  0x000001b859a1d3c0: 7b11 a424 | b000 0000 | c57b 11ac | 24b8 0000 | 00c5 7b11 | b424 c000 | 0000 c57b | 11bc 24c8 
  0x000001b859a1d3e0: 0000 0049 | 8bd7 488b | c848 83ec | 2040 f6c4 | 0f0f 8419 | 0000 0048 | 83ec 0848 | b800 eafc 
  0x000001b859a1d400: b6f9 7f00 | 00ff d048 | 83c4 08e9 | 0c00 0000 | 48b8 00ea | fcb6 f97f | 0000 ffd0 | 4883 c420 
  0x000001b859a1d420: c57b 10bc | 24c8 0000 | 00c5 7b10 | b424 c000 | 0000 c57b | 10ac 24b8 | 0000 00c5 | 7b10 a424 
  0x000001b859a1d440: b000 0000 | c57b 109c | 24a8 0000 | 00c5 7b10 | 9424 a000 | 0000 c57b | 108c 2498 | 0000 00c5 
  0x000001b859a1d460: 7b10 8424 | 9000 0000 | c5fb 10bc | 2488 0000 | 00c5 fb10 | b424 8000 | 0000 c5fb | 106c 2478 
  0x000001b859a1d480: c5fb 1064 | 2470 c5fb | 105c 2468 | c5fb 1054 | 2460 c5fb | 104c 2458 | c5fb 1044 | 2450 4c8b 
  0x000001b859a1d4a0: 5c24 404c | 8b54 2438 | 4c8b 4c24 | 304c 8b44 | 2428 488b | 7c24 2048 | 8b74 2418 | 488b 5424 
  0x000001b859a1d4c0: 1048 8b4c | 2408 488b | 0424 4881 | c4d0 0000 | 00c5 f877 | 4889 4510 | 4883 ec10 | 4889 0424 
  0x000001b859a1d4e0: 48c7 4424 | 0800 0000 | 0041 83bf | c804 0000 | 020f 85bf | 0000 0048 | 81ec 8000 | 0000 4889 
  0x000001b859a1d500: 4424 7848 | 894c 2470 | 4889 5424 | 6848 895c | 2460 4889 | 6c24 5048 | 8974 2448 | 4889 7c24 
  0x000001b859a1d520: 404c 8944 | 2438 4c89 | 4c24 304c | 8954 2428 | 4c89 5c24 | 204c 8964 | 2418 4c89 | 6c24 104c 
  0x000001b859a1d540: 8974 2408 | 4c89 3c24 | 4c8b e448 | 83ec 2048 | 83e4 f048 | b870 6140 | b7f9 7f00 | 00ff d049 
  0x000001b859a1d560: 8be4 4c8b | 3c24 4c8b | 7424 084c | 8b6c 2410 | 4c8b 6424 | 184c 8b5c | 2420 4c8b | 5424 284c 
  0x000001b859a1d580: 8b4c 2430 | 4c8b 4424 | 3848 8b7c | 2440 488b | 7424 4848 | 8b6c 2450 | 488b 5c24 | 6048 8b54 
  0x000001b859a1d5a0: 2468 488b | 4c24 7048 | 8b44 2478 | 4881 c480 | 0000 004d | 33e4 488b | 5de8 4c8b | 6b08 4d8d 
  0x000001b859a1d5c0: 6d38 4983 | 7f08 000f | 84bb 0000 | 00e8 0500 | 0000 e996 | 0000 0048 | 8d44 2408 | 4c89 6dc0 
  0x000001b859a1d5e0: 498b cfc5 | f877 4989 | afb0 0300 | 0049 8987 | a003 0000 | 4883 ec20 | 40f6 c40f | 0f84 1900 
  0x000001b859a1d600: 0000 4883 | ec08 48b8 | 0063 08b7 | f97f 0000 | ffd0 4883 | c408 e90c | 0000 0048 | b800 6308 
  0x000001b859a1d620: b7f9 7f00 | 00ff d048 | 83c4 2049 | c787 a003 | 0000 0000 | 0000 49c7 | 87b0 0300 | 0000 0000 
  0x000001b859a1d640: 0049 c787 | a803 0000 | 0000 0000 | c5f8 7749 | 837f 0800 | 0f84 0500 | 0000 e961 | 38ff ff4c 
  0x000001b859a1d660: 8b6d c04c | 8b75 c84e | 8d74 f500 | c348 b9d8 | 6e6d b7f9 | 7f00 0048 | 83e4 f048 | b870 402e 
  0x000001b859a1d680: b7f9 7f00 | 00ff d0f4 | 448b 5b28 | 41f6 c320 | 0f84 7901 | 0000 488d | 55a8 4c8b | 5a08 4d85 
  0x000001b859a1d6a0: db0f 85bb | 0000 00e8 | 0500 0000 | e996 0000 | 0048 8d44 | 2408 4c89 | 6dc0 498b | cfc5 f877 
  0x000001b859a1d6c0: 4989 afb0 | 0300 0049 | 8987 a003 | 0000 4883 | ec20 40f6 | c40f 0f84 | 1900 0000 | 4883 ec08 
  0x000001b859a1d6e0: 48b8 3062 | 08b7 f97f | 0000 ffd0 | 4883 c408 | e90c 0000 | 0048 b830 | 6208 b7f9 | 7f00 00ff 
  0x000001b859a1d700: d048 83c4 | 2049 c787 | a003 0000 | 0000 0000 | 49c7 87b0 | 0300 0000 | 0000 0049 | c787 a803 
  0x000001b859a1d720: 0000 0000 | 0000 c5f8 | 7749 837f | 0800 0f84 | 0500 0000 | e987 37ff | ff4c 8b6d | c04c 8b75 
  0x000001b859a1d740: c84e 8d74 | f500 c348 | b9d8 6e6d | b7f9 7f00 | 0048 83e4 | f048 b870 | 402e b7f9 | 7f00 00ff 
  0x000001b859a1d760: d0f4 4c89 | 6dc0 4c8b | 4a08 48c7 | 4208 0000 | 0000 458b | 8718 0600 | 004f 3b4c | 07f8 0f85 
  0x000001b859a1d780: 4900 0000 | 4183 af18 | 0600 0008 | 4f3b 4c07 | f00f 842a | 0000 0049 | 8b01 a802 | 0f85 1200 
  0x000001b859a1d7a0: 0000 4c8b | c049 83c8 | 01f0 4d0f | b101 0f84 | 0d00 0000 | 4183 8718 | 0600 0008 | e90c 0000 
  0x000001b859a1d7c0: 0049 ff8f | 5005 0000 | e93e 0000 | 004c 894a | 0848 8bca | 4883 ec20 | 40f6 c40f | 0f84 1900 
  0x000001b859a1d7e0: 0000 4883 | ec08 48b8 | 2035 08b7 | f97f 0000 | ffd0 4883 | c408 e90c | 0000 0048 | b820 3508 
  0x000001b859a1d800: b7f9 7f00 | 00ff d048 | 83c4 204c | 8b6d c049 | ba44 f196 | b7f9 7f00 | 0041 803a | 000f 843e 
  0x000001b859a1d820: 0000 0048 | 8b55 e849 | 8bcf 4883 | ec20 40f6 | c40f 0f84 | 1900 0000 | 4883 ec08 | 48b8 d02c 
  0x000001b859a1d840: 40b7 f97f | 0000 ffd0 | 4883 c408 | e90c 0000 | 0048 b8d0 | 2c40 b7f9 | 7f00 00ff | d048 83c4 
  0x000001b859a1d860: 2048 8b04 | 2448 83c4 | 10c5 fb10 | 0424 4883 | c410 4c8b | 5d18 41ff | d34c 8b5d | f8c9 5f49 
  0x000001b859a1d880: 8be3 ffe7 | ba00 0000 | 00e8 0500 | 0000 e996 | 0000 0048 | 8d44 2408 | 4c89 6dc0 | 498b cfc5 
  0x000001b859a1d8a0: f877 4989 | afb0 0300 | 0049 8987 | a003 0000 | 4883 ec20 | 40f6 c40f | 0f84 1900 | 0000 4883 
  0x000001b859a1d8c0: ec08 48b8 | e028 08b7 | f97f 0000 | ffd0 4883 | c408 e90c | 0000 0048 | b8e0 2808 | b7f9 7f00 
  0x000001b859a1d8e0: 00ff d048 | 83c4 2049 | c787 a003 | 0000 0000 | 0000 49c7 | 87b0 0300 | 0000 0000 | 0049 c787 
  0x000001b859a1d900: a803 0000 | 0000 0000 | c5f8 7749 | 837f 0800 | 0f84 0500 | 0000 e9a5 | 35ff ff4c | 8b6d c04c 
  0x000001b859a1d920: 8b75 c84e | 8d74 f500 | c348 8b5d | e8e9 26f6 | ffff 660f | 1f44 0000 
[/MachCode]

---------------  P R O C E S S  ---------------

Threads class SMR info:
_java_thread_list=0x000001b876adeae0, length=12, elements={
0x000001b8477f39a0, 0x000001b876abd8a0, 0x000001b876ac0310, 0x000001b876ac3180,
0x000001b876ac3be0, 0x000001b876ac49a0, 0x000001b876ac6780, 0x000001b876acc180,
0x000001b8410fd0b0, 0x000001b84114ff30, 0x000001b8412ed060, 0x000001b8412f2720
}

Java Threads: ( => current thread )
=>0x000001b8477f39a0 JavaThread "main"                              [_thread_in_native, id=10808, stack(0x0000001f50b00000,0x0000001f50c00000) (1024K)]
  0x000001b876abd8a0 JavaThread "Reference Handler"          daemon [_thread_blocked, id=74204, stack(0x0000001f51300000,0x0000001f51400000) (1024K)]
  0x000001b876ac0310 JavaThread "Finalizer"                  daemon [_thread_blocked, id=70776, stack(0x0000001f51400000,0x0000001f51500000) (1024K)]
  0x000001b876ac3180 JavaThread "Signal Dispatcher"          daemon [_thread_blocked, id=43236, stack(0x0000001f51500000,0x0000001f51600000) (1024K)]
  0x000001b876ac3be0 JavaThread "Attach Listener"            daemon [_thread_blocked, id=69940, stack(0x0000001f51600000,0x0000001f51700000) (1024K)]
  0x000001b876ac49a0 JavaThread "Service Thread"             daemon [_thread_blocked, id=72560, stack(0x0000001f51700000,0x0000001f51800000) (1024K)]
  0x000001b876ac6780 JavaThread "Monitor Deflation Thread"   daemon [_thread_blocked, id=34808, stack(0x0000001f51800000,0x0000001f51900000) (1024K)]
  0x000001b876acc180 JavaThread "C2 CompilerThread0"         daemon [_thread_blocked, id=71068, stack(0x0000001f51900000,0x0000001f51a00000) (1024K)]
  0x000001b8410fd0b0 JavaThread "C1 CompilerThread0"         daemon [_thread_blocked, id=71240, stack(0x0000001f51a00000,0x0000001f51b00000) (1024K)]
  0x000001b84114ff30 JavaThread "C1 CompilerThread1"         daemon [_thread_blocked, id=9776, stack(0x0000001f51b00000,0x0000001f51c00000) (1024K)]
  0x000001b8412ed060 JavaThread "Notification Thread"        daemon [_thread_blocked, id=13044, stack(0x0000001f51c00000,0x0000001f51d00000) (1024K)]
  0x000001b8412f2720 JavaThread "Common-Cleaner"             daemon [_thread_blocked, id=52348, stack(0x0000001f51d00000,0x0000001f51e00000) (1024K)]
Total: 12

Other Threads:
  0x000001b876aa3120 VMThread "VM Thread"                           [id=72716, stack(0x0000001f51200000,0x0000001f51300000) (1024K)]
  0x000001b876a8f000 WatcherThread "VM Periodic Task Thread"        [id=70456, stack(0x0000001f51100000,0x0000001f51200000) (1024K)]
  0x000001b87691fbd0 WorkerThread "GC Thread#0"                     [id=5848, stack(0x0000001f50c00000,0x0000001f50d00000) (1024K)]
  0x000001b849d388f0 ConcurrentGCThread "G1 Main Marker"            [id=52796, stack(0x0000001f50d00000,0x0000001f50e00000) (1024K)]
  0x000001b876962d00 WorkerThread "G1 Conc#0"                       [id=35104, stack(0x0000001f50e00000,0x0000001f50f00000) (1024K)]
  0x000001b876a2c2c0 ConcurrentGCThread "G1 Refine#0"               [id=27248, stack(0x0000001f50f00000,0x0000001f51000000) (1024K)]
  0x000001b876a2e100 ConcurrentGCThread "G1 Service"                [id=71152, stack(0x0000001f51000000,0x0000001f51100000) (1024K)]
Total: 7

Threads with active compile tasks:
Total: 0

VM state: not at safepoint (normal execution)

VM Mutex/Monitor currently owned by a thread: None

Heap address: 0x0000000405800000, size: 16296 MB, Compressed Oops mode: Zero based, Oop shift amount: 3

CDS archive(s) mapped at: [0x000001b800000000-0x000001b800d70000-0x000001b800d70000), size 14090240, SharedBaseAddress: 0x000001b800000000, ArchiveRelocationMode: 1.
Compressed class space mapped at: 0x000001b801000000-0x000001b841000000, reserved size: 1073741824
Narrow klass base: 0x000001b800000000, Narrow klass shift: 0, Narrow klass range: 0x41000000

GC Precious Log:
 CardTable entry size: 512
 Card Set container configuration: InlinePtr #cards 4 size 8 Array Of Cards #cards 64 size 144 Howl #buckets 8 coarsen threshold 14745 Howl Bitmap #cards 2048 size 272 coarsen threshold 1843 Card regions per heap region 1 cards per card region 16384
 CPUs: 32 total, 32 available
 Memory: 65182M
 Large Page Support: Disabled
 NUMA Support: Disabled
 Compressed Oops: Enabled (Zero based)
 Heap Region Size: 8M
 Heap Min Capacity: 8M
 Heap Initial Capacity: 1G
 Heap Max Capacity: 16296M
 Pre-touch: Disabled
 Parallel Workers: 23
 Concurrent Workers: 6
 Concurrent Refinement Workers: 23
 Periodic GC: Disabled

Heap:
 garbage-first heap   total reserved 16687104K, committed 1048576K, used 0K [0x0000000405800000, 0x0000000800000000)
  region size 8192K, 1 young (8192K), 0 survivors (0K)
 Metaspace       used 518K, committed 640K, reserved 1114112K
  class space    used 46K, committed 128K, reserved 1048576K

Heap Regions: E=young(eden), S=young(survivor), O=old, HS=humongous(starts), HC=humongous(continues), CS=collection set, F=free, TAMS=top-at-mark-start, PB=parsable bottom
|   0|0x0000000405800000, 0x0000000405800000, 0x0000000406000000|  0%| F|  |TAMS 0x0000000405800000| PB 0x0000000405800000| Untracked |  0
|   1|0x0000000406000000, 0x0000000406000000, 0x0000000406800000|  0%| F|  |TAMS 0x0000000406000000| PB 0x0000000406000000| Untracked |  0
|   2|0x0000000406800000, 0x0000000406800000, 0x0000000407000000|  0%| F|  |TAMS 0x0000000406800000| PB 0x0000000406800000| Untracked |  0
|   3|0x0000000407000000, 0x0000000407000000, 0x0000000407800000|  0%| F|  |TAMS 0x0000000407000000| PB 0x0000000407000000| Untracked |  0
|   4|0x0000000407800000, 0x0000000407800000, 0x0000000408000000|  0%| F|  |TAMS 0x0000000407800000| PB 0x0000000407800000| Untracked |  0
|   5|0x0000000408000000, 0x0000000408000000, 0x0000000408800000|  0%| F|  |TAMS 0x0000000408000000| PB 0x0000000408000000| Untracked |  0
|   6|0x0000000408800000, 0x0000000408800000, 0x0000000409000000|  0%| F|  |TAMS 0x0000000408800000| PB 0x0000000408800000| Untracked |  0
|   7|0x0000000409000000, 0x0000000409000000, 0x0000000409800000|  0%| F|  |TAMS 0x0000000409000000| PB 0x0000000409000000| Untracked |  0
|   8|0x0000000409800000, 0x0000000409800000, 0x000000040a000000|  0%| F|  |TAMS 0x0000000409800000| PB 0x0000000409800000| Untracked |  0
|   9|0x000000040a000000, 0x000000040a000000, 0x000000040a800000|  0%| F|  |TAMS 0x000000040a000000| PB 0x000000040a000000| Untracked |  0
|  10|0x000000040a800000, 0x000000040a800000, 0x000000040b000000|  0%| F|  |TAMS 0x000000040a800000| PB 0x000000040a800000| Untracked |  0
|  11|0x000000040b000000, 0x000000040b000000, 0x000000040b800000|  0%| F|  |TAMS 0x000000040b000000| PB 0x000000040b000000| Untracked |  0
|  12|0x000000040b800000, 0x000000040b800000, 0x000000040c000000|  0%| F|  |TAMS 0x000000040b800000| PB 0x000000040b800000| Untracked |  0
|  13|0x000000040c000000, 0x000000040c000000, 0x000000040c800000|  0%| F|  |TAMS 0x000000040c000000| PB 0x000000040c000000| Untracked |  0
|  14|0x000000040c800000, 0x000000040c800000, 0x000000040d000000|  0%| F|  |TAMS 0x000000040c800000| PB 0x000000040c800000| Untracked |  0
|  15|0x000000040d000000, 0x000000040d000000, 0x000000040d800000|  0%| F|  |TAMS 0x000000040d000000| PB 0x000000040d000000| Untracked |  0
|  16|0x000000040d800000, 0x000000040d800000, 0x000000040e000000|  0%| F|  |TAMS 0x000000040d800000| PB 0x000000040d800000| Untracked |  0
|  17|0x000000040e000000, 0x000000040e000000, 0x000000040e800000|  0%| F|  |TAMS 0x000000040e000000| PB 0x000000040e000000| Untracked |  0
|  18|0x000000040e800000, 0x000000040e800000, 0x000000040f000000|  0%| F|  |TAMS 0x000000040e800000| PB 0x000000040e800000| Untracked |  0
|  19|0x000000040f000000, 0x000000040f000000, 0x000000040f800000|  0%| F|  |TAMS 0x000000040f000000| PB 0x000000040f000000| Untracked |  0
|  20|0x000000040f800000, 0x000000040f800000, 0x0000000410000000|  0%| F|  |TAMS 0x000000040f800000| PB 0x000000040f800000| Untracked |  0
|  21|0x0000000410000000, 0x0000000410000000, 0x0000000410800000|  0%| F|  |TAMS 0x0000000410000000| PB 0x0000000410000000| Untracked |  0
|  22|0x0000000410800000, 0x0000000410800000, 0x0000000411000000|  0%| F|  |TAMS 0x0000000410800000| PB 0x0000000410800000| Untracked |  0
|  23|0x0000000411000000, 0x0000000411000000, 0x0000000411800000|  0%| F|  |TAMS 0x0000000411000000| PB 0x0000000411000000| Untracked |  0
|  24|0x0000000411800000, 0x0000000411800000, 0x0000000412000000|  0%| F|  |TAMS 0x0000000411800000| PB 0x0000000411800000| Untracked |  0
|  25|0x0000000412000000, 0x0000000412000000, 0x0000000412800000|  0%| F|  |TAMS 0x0000000412000000| PB 0x0000000412000000| Untracked |  0
|  26|0x0000000412800000, 0x0000000412800000, 0x0000000413000000|  0%| F|  |TAMS 0x0000000412800000| PB 0x0000000412800000| Untracked |  0
|  27|0x0000000413000000, 0x0000000413000000, 0x0000000413800000|  0%| F|  |TAMS 0x0000000413000000| PB 0x0000000413000000| Untracked |  0
|  28|0x0000000413800000, 0x0000000413800000, 0x0000000414000000|  0%| F|  |TAMS 0x0000000413800000| PB 0x0000000413800000| Untracked |  0
|  29|0x0000000414000000, 0x0000000414000000, 0x0000000414800000|  0%| F|  |TAMS 0x0000000414000000| PB 0x0000000414000000| Untracked |  0
|  30|0x0000000414800000, 0x0000000414800000, 0x0000000415000000|  0%| F|  |TAMS 0x0000000414800000| PB 0x0000000414800000| Untracked |  0
|  31|0x0000000415000000, 0x0000000415000000, 0x0000000415800000|  0%| F|  |TAMS 0x0000000415000000| PB 0x0000000415000000| Untracked |  0
|  32|0x0000000415800000, 0x0000000415800000, 0x0000000416000000|  0%| F|  |TAMS 0x0000000415800000| PB 0x0000000415800000| Untracked |  0
|  33|0x0000000416000000, 0x0000000416000000, 0x0000000416800000|  0%| F|  |TAMS 0x0000000416000000| PB 0x0000000416000000| Untracked |  0
|  34|0x0000000416800000, 0x0000000416800000, 0x0000000417000000|  0%| F|  |TAMS 0x0000000416800000| PB 0x0000000416800000| Untracked |  0
|  35|0x0000000417000000, 0x0000000417000000, 0x0000000417800000|  0%| F|  |TAMS 0x0000000417000000| PB 0x0000000417000000| Untracked |  0
|  36|0x0000000417800000, 0x0000000417800000, 0x0000000418000000|  0%| F|  |TAMS 0x0000000417800000| PB 0x0000000417800000| Untracked |  0
|  37|0x0000000418000000, 0x0000000418000000, 0x0000000418800000|  0%| F|  |TAMS 0x0000000418000000| PB 0x0000000418000000| Untracked |  0
|  38|0x0000000418800000, 0x0000000418800000, 0x0000000419000000|  0%| F|  |TAMS 0x0000000418800000| PB 0x0000000418800000| Untracked |  0
|  39|0x0000000419000000, 0x0000000419000000, 0x0000000419800000|  0%| F|  |TAMS 0x0000000419000000| PB 0x0000000419000000| Untracked |  0
|  40|0x0000000419800000, 0x0000000419800000, 0x000000041a000000|  0%| F|  |TAMS 0x0000000419800000| PB 0x0000000419800000| Untracked |  0
|  41|0x000000041a000000, 0x000000041a000000, 0x000000041a800000|  0%| F|  |TAMS 0x000000041a000000| PB 0x000000041a000000| Untracked |  0
|  42|0x000000041a800000, 0x000000041a800000, 0x000000041b000000|  0%| F|  |TAMS 0x000000041a800000| PB 0x000000041a800000| Untracked |  0
|  43|0x000000041b000000, 0x000000041b000000, 0x000000041b800000|  0%| F|  |TAMS 0x000000041b000000| PB 0x000000041b000000| Untracked |  0
|  44|0x000000041b800000, 0x000000041b800000, 0x000000041c000000|  0%| F|  |TAMS 0x000000041b800000| PB 0x000000041b800000| Untracked |  0
|  45|0x000000041c000000, 0x000000041c000000, 0x000000041c800000|  0%| F|  |TAMS 0x000000041c000000| PB 0x000000041c000000| Untracked |  0
|  46|0x000000041c800000, 0x000000041c800000, 0x000000041d000000|  0%| F|  |TAMS 0x000000041c800000| PB 0x000000041c800000| Untracked |  0
|  47|0x000000041d000000, 0x000000041d000000, 0x000000041d800000|  0%| F|  |TAMS 0x000000041d000000| PB 0x000000041d000000| Untracked |  0
|  48|0x000000041d800000, 0x000000041d800000, 0x000000041e000000|  0%| F|  |TAMS 0x000000041d800000| PB 0x000000041d800000| Untracked |  0
|  49|0x000000041e000000, 0x000000041e000000, 0x000000041e800000|  0%| F|  |TAMS 0x000000041e000000| PB 0x000000041e000000| Untracked |  0
|  50|0x000000041e800000, 0x000000041e800000, 0x000000041f000000|  0%| F|  |TAMS 0x000000041e800000| PB 0x000000041e800000| Untracked |  0
|  51|0x000000041f000000, 0x000000041f000000, 0x000000041f800000|  0%| F|  |TAMS 0x000000041f000000| PB 0x000000041f000000| Untracked |  0
|  52|0x000000041f800000, 0x000000041f800000, 0x0000000420000000|  0%| F|  |TAMS 0x000000041f800000| PB 0x000000041f800000| Untracked |  0
|  53|0x0000000420000000, 0x0000000420000000, 0x0000000420800000|  0%| F|  |TAMS 0x0000000420000000| PB 0x0000000420000000| Untracked |  0
|  54|0x0000000420800000, 0x0000000420800000, 0x0000000421000000|  0%| F|  |TAMS 0x0000000420800000| PB 0x0000000420800000| Untracked |  0
|  55|0x0000000421000000, 0x0000000421000000, 0x0000000421800000|  0%| F|  |TAMS 0x0000000421000000| PB 0x0000000421000000| Untracked |  0
|  56|0x0000000421800000, 0x0000000421800000, 0x0000000422000000|  0%| F|  |TAMS 0x0000000421800000| PB 0x0000000421800000| Untracked |  0
|  57|0x0000000422000000, 0x0000000422000000, 0x0000000422800000|  0%| F|  |TAMS 0x0000000422000000| PB 0x0000000422000000| Untracked |  0
|  58|0x0000000422800000, 0x0000000422800000, 0x0000000423000000|  0%| F|  |TAMS 0x0000000422800000| PB 0x0000000422800000| Untracked |  0
|  59|0x0000000423000000, 0x0000000423000000, 0x0000000423800000|  0%| F|  |TAMS 0x0000000423000000| PB 0x0000000423000000| Untracked |  0
|  60|0x0000000423800000, 0x0000000423800000, 0x0000000424000000|  0%| F|  |TAMS 0x0000000423800000| PB 0x0000000423800000| Untracked |  0
|  61|0x0000000424000000, 0x0000000424000000, 0x0000000424800000|  0%| F|  |TAMS 0x0000000424000000| PB 0x0000000424000000| Untracked |  0
|  62|0x0000000424800000, 0x0000000424800000, 0x0000000425000000|  0%| F|  |TAMS 0x0000000424800000| PB 0x0000000424800000| Untracked |  0
|  63|0x0000000425000000, 0x0000000425000000, 0x0000000425800000|  0%| F|  |TAMS 0x0000000425000000| PB 0x0000000425000000| Untracked |  0
|  64|0x0000000425800000, 0x0000000425800000, 0x0000000426000000|  0%| F|  |TAMS 0x0000000425800000| PB 0x0000000425800000| Untracked |  0
|  65|0x0000000426000000, 0x0000000426000000, 0x0000000426800000|  0%| F|  |TAMS 0x0000000426000000| PB 0x0000000426000000| Untracked |  0
|  66|0x0000000426800000, 0x0000000426800000, 0x0000000427000000|  0%| F|  |TAMS 0x0000000426800000| PB 0x0000000426800000| Untracked |  0
|  67|0x0000000427000000, 0x0000000427000000, 0x0000000427800000|  0%| F|  |TAMS 0x0000000427000000| PB 0x0000000427000000| Untracked |  0
|  68|0x0000000427800000, 0x0000000427800000, 0x0000000428000000|  0%| F|  |TAMS 0x0000000427800000| PB 0x0000000427800000| Untracked |  0
|  69|0x0000000428000000, 0x0000000428000000, 0x0000000428800000|  0%| F|  |TAMS 0x0000000428000000| PB 0x0000000428000000| Untracked |  0
|  70|0x0000000428800000, 0x0000000428800000, 0x0000000429000000|  0%| F|  |TAMS 0x0000000428800000| PB 0x0000000428800000| Untracked |  0
|  71|0x0000000429000000, 0x0000000429000000, 0x0000000429800000|  0%| F|  |TAMS 0x0000000429000000| PB 0x0000000429000000| Untracked |  0
|  72|0x0000000429800000, 0x0000000429800000, 0x000000042a000000|  0%| F|  |TAMS 0x0000000429800000| PB 0x0000000429800000| Untracked |  0
|  73|0x000000042a000000, 0x000000042a000000, 0x000000042a800000|  0%| F|  |TAMS 0x000000042a000000| PB 0x000000042a000000| Untracked |  0
|  74|0x000000042a800000, 0x000000042a800000, 0x000000042b000000|  0%| F|  |TAMS 0x000000042a800000| PB 0x000000042a800000| Untracked |  0
|  75|0x000000042b000000, 0x000000042b000000, 0x000000042b800000|  0%| F|  |TAMS 0x000000042b000000| PB 0x000000042b000000| Untracked |  0
|  76|0x000000042b800000, 0x000000042b800000, 0x000000042c000000|  0%| F|  |TAMS 0x000000042b800000| PB 0x000000042b800000| Untracked |  0
|  77|0x000000042c000000, 0x000000042c000000, 0x000000042c800000|  0%| F|  |TAMS 0x000000042c000000| PB 0x000000042c000000| Untracked |  0
|  78|0x000000042c800000, 0x000000042c800000, 0x000000042d000000|  0%| F|  |TAMS 0x000000042c800000| PB 0x000000042c800000| Untracked |  0
|  79|0x000000042d000000, 0x000000042d000000, 0x000000042d800000|  0%| F|  |TAMS 0x000000042d000000| PB 0x000000042d000000| Untracked |  0
|  80|0x000000042d800000, 0x000000042d800000, 0x000000042e000000|  0%| F|  |TAMS 0x000000042d800000| PB 0x000000042d800000| Untracked |  0
|  81|0x000000042e000000, 0x000000042e000000, 0x000000042e800000|  0%| F|  |TAMS 0x000000042e000000| PB 0x000000042e000000| Untracked |  0
|  82|0x000000042e800000, 0x000000042e800000, 0x000000042f000000|  0%| F|  |TAMS 0x000000042e800000| PB 0x000000042e800000| Untracked |  0
|  83|0x000000042f000000, 0x000000042f000000, 0x000000042f800000|  0%| F|  |TAMS 0x000000042f000000| PB 0x000000042f000000| Untracked |  0
|  84|0x000000042f800000, 0x000000042f800000, 0x0000000430000000|  0%| F|  |TAMS 0x000000042f800000| PB 0x000000042f800000| Untracked |  0
|  85|0x0000000430000000, 0x0000000430000000, 0x0000000430800000|  0%| F|  |TAMS 0x0000000430000000| PB 0x0000000430000000| Untracked |  0
|  86|0x0000000430800000, 0x0000000430800000, 0x0000000431000000|  0%| F|  |TAMS 0x0000000430800000| PB 0x0000000430800000| Untracked |  0
|  87|0x0000000431000000, 0x0000000431000000, 0x0000000431800000|  0%| F|  |TAMS 0x0000000431000000| PB 0x0000000431000000| Untracked |  0
|  88|0x0000000431800000, 0x0000000431800000, 0x0000000432000000|  0%| F|  |TAMS 0x0000000431800000| PB 0x0000000431800000| Untracked |  0
|  89|0x0000000432000000, 0x0000000432000000, 0x0000000432800000|  0%| F|  |TAMS 0x0000000432000000| PB 0x0000000432000000| Untracked |  0
|  90|0x0000000432800000, 0x0000000432800000, 0x0000000433000000|  0%| F|  |TAMS 0x0000000432800000| PB 0x0000000432800000| Untracked |  0
|  91|0x0000000433000000, 0x0000000433000000, 0x0000000433800000|  0%| F|  |TAMS 0x0000000433000000| PB 0x0000000433000000| Untracked |  0
|  92|0x0000000433800000, 0x0000000433800000, 0x0000000434000000|  0%| F|  |TAMS 0x0000000433800000| PB 0x0000000433800000| Untracked |  0
|  93|0x0000000434000000, 0x0000000434000000, 0x0000000434800000|  0%| F|  |TAMS 0x0000000434000000| PB 0x0000000434000000| Untracked |  0
|  94|0x0000000434800000, 0x0000000434800000, 0x0000000435000000|  0%| F|  |TAMS 0x0000000434800000| PB 0x0000000434800000| Untracked |  0
|  95|0x0000000435000000, 0x0000000435000000, 0x0000000435800000|  0%| F|  |TAMS 0x0000000435000000| PB 0x0000000435000000| Untracked |  0
|  96|0x0000000435800000, 0x0000000435800000, 0x0000000436000000|  0%| F|  |TAMS 0x0000000435800000| PB 0x0000000435800000| Untracked |  0
|  97|0x0000000436000000, 0x0000000436000000, 0x0000000436800000|  0%| F|  |TAMS 0x0000000436000000| PB 0x0000000436000000| Untracked |  0
|  98|0x0000000436800000, 0x0000000436800000, 0x0000000437000000|  0%| F|  |TAMS 0x0000000436800000| PB 0x0000000436800000| Untracked |  0
|  99|0x0000000437000000, 0x0000000437000000, 0x0000000437800000|  0%| F|  |TAMS 0x0000000437000000| PB 0x0000000437000000| Untracked |  0
| 100|0x0000000437800000, 0x0000000437800000, 0x0000000438000000|  0%| F|  |TAMS 0x0000000437800000| PB 0x0000000437800000| Untracked |  0
| 101|0x0000000438000000, 0x0000000438000000, 0x0000000438800000|  0%| F|  |TAMS 0x0000000438000000| PB 0x0000000438000000| Untracked |  0
| 102|0x0000000438800000, 0x0000000438800000, 0x0000000439000000|  0%| F|  |TAMS 0x0000000438800000| PB 0x0000000438800000| Untracked |  0
| 103|0x0000000439000000, 0x0000000439000000, 0x0000000439800000|  0%| F|  |TAMS 0x0000000439000000| PB 0x0000000439000000| Untracked |  0
| 104|0x0000000439800000, 0x0000000439800000, 0x000000043a000000|  0%| F|  |TAMS 0x0000000439800000| PB 0x0000000439800000| Untracked |  0
| 105|0x000000043a000000, 0x000000043a000000, 0x000000043a800000|  0%| F|  |TAMS 0x000000043a000000| PB 0x000000043a000000| Untracked |  0
| 106|0x000000043a800000, 0x000000043a800000, 0x000000043b000000|  0%| F|  |TAMS 0x000000043a800000| PB 0x000000043a800000| Untracked |  0
| 107|0x000000043b000000, 0x000000043b000000, 0x000000043b800000|  0%| F|  |TAMS 0x000000043b000000| PB 0x000000043b000000| Untracked |  0
| 108|0x000000043b800000, 0x000000043b800000, 0x000000043c000000|  0%| F|  |TAMS 0x000000043b800000| PB 0x000000043b800000| Untracked |  0
| 109|0x000000043c000000, 0x000000043c000000, 0x000000043c800000|  0%| F|  |TAMS 0x000000043c000000| PB 0x000000043c000000| Untracked |  0
| 110|0x000000043c800000, 0x000000043c800000, 0x000000043d000000|  0%| F|  |TAMS 0x000000043c800000| PB 0x000000043c800000| Untracked |  0
| 111|0x000000043d000000, 0x000000043d000000, 0x000000043d800000|  0%| F|  |TAMS 0x000000043d000000| PB 0x000000043d000000| Untracked |  0
| 112|0x000000043d800000, 0x000000043d800000, 0x000000043e000000|  0%| F|  |TAMS 0x000000043d800000| PB 0x000000043d800000| Untracked |  0
| 113|0x000000043e000000, 0x000000043e000000, 0x000000043e800000|  0%| F|  |TAMS 0x000000043e000000| PB 0x000000043e000000| Untracked |  0
| 114|0x000000043e800000, 0x000000043e800000, 0x000000043f000000|  0%| F|  |TAMS 0x000000043e800000| PB 0x000000043e800000| Untracked |  0
| 115|0x000000043f000000, 0x000000043f000000, 0x000000043f800000|  0%| F|  |TAMS 0x000000043f000000| PB 0x000000043f000000| Untracked |  0
| 116|0x000000043f800000, 0x000000043f800000, 0x0000000440000000|  0%| F|  |TAMS 0x000000043f800000| PB 0x000000043f800000| Untracked |  0
| 117|0x0000000440000000, 0x0000000440000000, 0x0000000440800000|  0%| F|  |TAMS 0x0000000440000000| PB 0x0000000440000000| Untracked |  0
| 118|0x0000000440800000, 0x0000000440800000, 0x0000000441000000|  0%| F|  |TAMS 0x0000000440800000| PB 0x0000000440800000| Untracked |  0
| 119|0x0000000441000000, 0x0000000441000000, 0x0000000441800000|  0%| F|  |TAMS 0x0000000441000000| PB 0x0000000441000000| Untracked |  0
| 120|0x0000000441800000, 0x0000000441800000, 0x0000000442000000|  0%| F|  |TAMS 0x0000000441800000| PB 0x0000000441800000| Untracked |  0
| 121|0x0000000442000000, 0x0000000442000000, 0x0000000442800000|  0%| F|  |TAMS 0x0000000442000000| PB 0x0000000442000000| Untracked |  0
| 122|0x0000000442800000, 0x0000000442800000, 0x0000000443000000|  0%| F|  |TAMS 0x0000000442800000| PB 0x0000000442800000| Untracked |  0
| 123|0x0000000443000000, 0x0000000443000000, 0x0000000443800000|  0%| F|  |TAMS 0x0000000443000000| PB 0x0000000443000000| Untracked |  0
| 124|0x0000000443800000, 0x0000000443800000, 0x0000000444000000|  0%| F|  |TAMS 0x0000000443800000| PB 0x0000000443800000| Untracked |  0
| 125|0x0000000444000000, 0x0000000444000000, 0x0000000444800000|  0%| F|  |TAMS 0x0000000444000000| PB 0x0000000444000000| Untracked |  0
| 126|0x0000000444800000, 0x0000000444800000, 0x0000000445000000|  0%| F|  |TAMS 0x0000000444800000| PB 0x0000000444800000| Untracked |  0
| 127|0x0000000445000000, 0x00000004454cceb0, 0x0000000445800000| 60%| E|  |TAMS 0x0000000445000000| PB 0x0000000445000000| Complete |  0

Card table byte_map: [0x000001b864910000,0x000001b8668f0000] _byte_map_base: 0x000001b8628e4000

Marking Bits: (CMBitMap*) 0x000001b8769202e0
 Bits: [0x000001b8668f0000, 0x000001b876790000)

Polling page: 0x000001b847a90000

Metaspace:

Usage:
  Non-class:    471.80 KB used.
      Class:     46.48 KB used.
       Both:    518.28 KB used.

Virtual space:
  Non-class space:       64.00 MB reserved,     512.00 KB ( <1%) committed,  1 nodes.
      Class space:        1.00 GB reserved,     128.00 KB ( <1%) committed,  1 nodes.
             Both:        1.06 GB reserved,     640.00 KB ( <1%) committed. 

Chunk freelists:
   Non-Class:  11.96 MB
       Class:  15.73 MB
        Both:  27.70 MB

MaxMetaspaceSize: unlimited
CompressedClassSpaceSize: 1.00 GB
Initial GC threshold: 21.00 MB
Current GC threshold: 21.00 MB
CDS: on
 - commit_granule_bytes: 65536.
 - commit_granule_words: 8192.
 - virtual_space_node_default_size: 8388608.
 - enlarge_chunks_in_place: 1.
 - use_allocation_guard: 0.


Internal statistics:

num_allocs_failed_limit: 0.
num_arena_births: 4.
num_arena_deaths: 0.
num_vsnodes_births: 2.
num_vsnodes_deaths: 0.
num_space_committed: 10.
num_space_uncommitted: 0.
num_chunks_returned_to_freelist: 0.
num_chunks_taken_from_freelist: 11.
num_chunk_merges: 0.
num_chunk_splits: 6.
num_chunks_enlarged: 4.
num_inconsistent_stats: 0.

CodeHeap 'non-profiled nmethods': size=118912Kb used=22Kb max_used=22Kb free=118889Kb
 bounds [0x000001b85a1e0000, 0x000001b85a450000, 0x000001b861600000]
CodeHeap 'profiled nmethods': size=118848Kb used=99Kb max_used=99Kb free=118748Kb
 bounds [0x000001b852600000, 0x000001b852870000, 0x000001b859a10000]
CodeHeap 'non-nmethods': size=8000Kb used=1801Kb max_used=1801Kb free=6198Kb
 bounds [0x000001b859a10000, 0x000001b859c80000, 0x000001b85a1e0000]
CodeCache: size=245760Kb, used=1922Kb, max_used=1922Kb, free=243835Kb
 total_blobs=472, nmethods=105, adapters=272, full_count=0
Compilation: enabled, stopped_count=0, restarted_count=0

Compilation events (20 events):
Event: 0.035 Thread 0x000001b8410fd0b0   93       3       java.lang.StringLatin1::indexOf (17 bytes)
Event: 0.035 Thread 0x000001b84114ff30   94       3       java.lang.String::indexOf (41 bytes)
Event: 0.035 Thread 0x000001b8410fd0b0 nmethod 93 0x000001b852615608 code [0x000001b852615740, 0x000001b852615ab0]
Event: 0.035 Thread 0x000001b84114ff30 nmethod 94 0x000001b852615b08 code [0x000001b852615c80, 0x000001b852616270]
Event: 0.037 Thread 0x000001b8410fd0b0   95       3       java.lang.StringUTF16::putChar (54 bytes)
Event: 0.037 Thread 0x000001b8410fd0b0 nmethod 95 0x000001b852616308 code [0x000001b852616420, 0x000001b852616570]
Event: 0.042 Thread 0x000001b8410fd0b0   99       3       java.lang.AbstractStringBuilder::putStringAt (19 bytes)
Event: 0.042 Thread 0x000001b84114ff30  100       3       java.lang.AbstractStringBuilder::inflateIfNeededFor (22 bytes)
Event: 0.042 Thread 0x000001b84114ff30 nmethod 100 0x000001b852616608 code [0x000001b852616740, 0x000001b852616948]
Event: 0.042 Thread 0x000001b84114ff30  103       3       jdk.internal.misc.Unsafe::getLongUnaligned (173 bytes)
Event: 0.042 Thread 0x000001b8410fd0b0 nmethod 99 0x000001b852616988 code [0x000001b852616ae0, 0x000001b852616db8]
Event: 0.042 Thread 0x000001b8410fd0b0  101       3       java.lang.StringBuilder::append (8 bytes)
Event: 0.042 Thread 0x000001b8410fd0b0 nmethod 101 0x000001b852616e08 code [0x000001b852616f20, 0x000001b852617070]
Event: 0.042 Thread 0x000001b8410fd0b0  102       3       java.lang.AbstractStringBuilder::append (45 bytes)
Event: 0.042 Thread 0x000001b84114ff30 nmethod 103 0x000001b852617108 code [0x000001b852617260, 0x000001b852617618]
Event: 0.042 Thread 0x000001b8410fd0b0 nmethod 102 0x000001b852617688 code [0x000001b852617820, 0x000001b852617d50]
Event: 0.042 Thread 0x000001b8410fd0b0  104       3       java.util.concurrent.ConcurrentHashMap::get (162 bytes)
Event: 0.042 Thread 0x000001b84114ff30  105       3       java.lang.StringLatin1::canEncode (13 bytes)
Event: 0.042 Thread 0x000001b84114ff30 nmethod 105 0x000001b852617d88 code [0x000001b852617ea0, 0x000001b852617fe0]
Event: 0.042 Thread 0x000001b8410fd0b0 nmethod 104 0x000001b852618088 code [0x000001b852618260, 0x000001b852618c88]

GC Heap History (0 events):
No events

Dll operation events (5 events):
Event: 0.005 Loaded shared library C:\Program Files\Amazon Corretto\jdk23.0.1_8\bin\java.dll
Event: 0.023 Loaded shared library C:\Program Files\Amazon Corretto\jdk23.0.1_8\bin\jsvml.dll
Event: 0.033 Loaded shared library C:\Program Files\Amazon Corretto\jdk23.0.1_8\bin\net.dll
Event: 0.034 Loaded shared library C:\Program Files\Amazon Corretto\jdk23.0.1_8\bin\nio.dll
Event: 0.041 Loaded shared library C:\Source\Telegram\Libraries\ton-walletkit-core\build-bc\bin\twk_jni.dll

Deoptimization events (0 events):
No events

Classes loaded (20 events):
Event: 0.037 Loading class sun/nio/ch/NativeThread
Event: 0.037 Loading class sun/nio/ch/NativeThread done
Event: 0.037 Loading class sun/nio/ch/IOStatus
Event: 0.037 Loading class sun/nio/ch/IOStatus done
Event: 0.037 Loading class sun/nio/ch/Util
Event: 0.037 Loading class sun/nio/ch/Util done
Event: 0.037 Loading class sun/nio/ch/Util$1
Event: 0.037 Loading class sun/nio/ch/Util$1 done
Event: 0.037 Loading class sun/nio/ch/Util$BufferCache
Event: 0.037 Loading class sun/nio/ch/Util$BufferCache done
Event: 0.037 Loading class java/nio/DirectByteBuffer$Deallocator
Event: 0.037 Loading class java/nio/DirectByteBuffer$Deallocator done
Event: 0.038 Loading class java/lang/InterruptedException
Event: 0.038 Loading class java/lang/InterruptedException done
Event: 0.038 Loading class java/util/concurrent/atomic/AtomicBoolean
Event: 0.038 Loading class java/util/concurrent/atomic/AtomicBoolean done
Event: 0.038 Loading class java/lang/invoke/VarHandleInts$FieldInstanceReadWrite
Event: 0.038 Loading class java/lang/invoke/VarHandleInts$FieldInstanceReadOnly
Event: 0.038 Loading class java/lang/invoke/VarHandleInts$FieldInstanceReadOnly done
Event: 0.038 Loading class java/lang/invoke/VarHandleInts$FieldInstanceReadWrite done

Classes unloaded (0 events):
No events

Classes redefined (0 events):
No events

Internal exceptions (0 events):
No events

VM Operations (0 events):
No events

Memory protections (0 events):
No events

Nmethod flushes (0 events):
No events

Events (12 events):
Event: 0.015 Thread 0x000001b8477f39a0 Thread added: 0x000001b8477f39a0
Event: 0.021 Thread 0x000001b8477f39a0 Thread added: 0x000001b876abd8a0
Event: 0.021 Thread 0x000001b8477f39a0 Thread added: 0x000001b876ac0310
Event: 0.021 Thread 0x000001b8477f39a0 Thread added: 0x000001b876ac3180
Event: 0.022 Thread 0x000001b8477f39a0 Thread added: 0x000001b876ac3be0
Event: 0.022 Thread 0x000001b8477f39a0 Thread added: 0x000001b876ac49a0
Event: 0.022 Thread 0x000001b8477f39a0 Thread added: 0x000001b876ac6780
Event: 0.022 Thread 0x000001b8477f39a0 Thread added: 0x000001b876acc180
Event: 0.022 Thread 0x000001b8477f39a0 Thread added: 0x000001b8410fd0b0
Event: 0.023 Thread 0x000001b8410fd0b0 Thread added: 0x000001b84114ff30
Event: 0.029 Thread 0x000001b8477f39a0 Thread added: 0x000001b8412ed060
Event: 0.030 Thread 0x000001b8477f39a0 Thread added: 0x000001b8412f2720


Dynamic libraries:
0x00007ff617f20000 - 0x00007ff617f2e000 	C:\Program Files\Amazon Corretto\jdk23.0.1_8\bin\java.exe
0x00007ffa833a0000 - 0x00007ffa83606000 	C:\WINDOWS\SYSTEM32\ntdll.dll
0x00007ffa811e0000 - 0x00007ffa812a9000 	C:\WINDOWS\System32\KERNEL32.DLL
0x00007ffa80630000 - 0x00007ffa80a2a000 	C:\WINDOWS\System32\KERNELBASE.dll
0x00007ffa80a30000 - 0x00007ffa80b7c000 	C:\WINDOWS\System32\ucrtbase.dll
0x00007ffa6eb60000 - 0x00007ffa6eb77000 	C:\Program Files\Amazon Corretto\jdk23.0.1_8\bin\jli.dll
0x00007ffa65790000 - 0x00007ffa657ab000 	C:\Program Files\Amazon Corretto\jdk23.0.1_8\bin\VCRUNTIME140.dll
0x00007ffa82a00000 - 0x00007ffa82bc7000 	C:\WINDOWS\System32\USER32.dll
0x00007ffa80cd0000 - 0x00007ffa80cf7000 	C:\WINDOWS\System32\win32u.dll
0x00007ffa66dc0000 - 0x00007ffa67052000 	C:\WINDOWS\WinSxS\amd64_microsoft.windows.common-controls_6595b64144ccf1df_6.0.26100.8521_none_3e08b75ce33403b3\COMCTL32.dll
0x00007ffa821c0000 - 0x00007ffa821eb000 	C:\WINDOWS\System32\GDI32.dll
0x00007ffa81f50000 - 0x00007ffa81ff9000 	C:\WINDOWS\System32\msvcrt.dll
0x00007ffa80d00000 - 0x00007ffa80e2b000 	C:\WINDOWS\System32\gdi32full.dll
0x00007ffa80e30000 - 0x00007ffa80ed3000 	C:\WINDOWS\System32\msvcp_win.dll
0x00007ffa82400000 - 0x00007ffa82432000 	C:\WINDOWS\System32\IMM32.DLL
0x00007ffa6e9f0000 - 0x00007ffa6e9fc000 	C:\Program Files\Amazon Corretto\jdk23.0.1_8\bin\vcruntime140_1.dll
0x00007ffa43060000 - 0x00007ffa430ed000 	C:\Program Files\Amazon Corretto\jdk23.0.1_8\bin\msvcp140.dll
0x00007ff9b6ca0000 - 0x00007ff9b7a78000 	C:\Program Files\Amazon Corretto\jdk23.0.1_8\bin\server\jvm.dll
0x00007ffa81480000 - 0x00007ffa81536000 	C:\WINDOWS\System32\ADVAPI32.dll
0x00007ffa82440000 - 0x00007ffa824ea000 	C:\WINDOWS\System32\sechost.dll
0x00007ffa822e0000 - 0x00007ffa823f8000 	C:\WINDOWS\System32\RPCRT4.dll
0x00007ffa818d0000 - 0x00007ffa81950000 	C:\WINDOWS\System32\WS2_32.dll
0x00007ffa80490000 - 0x00007ffa804ee000 	C:\WINDOWS\SYSTEM32\POWRPROF.dll
0x00007ffa786b0000 - 0x00007ffa786bb000 	C:\WINDOWS\SYSTEM32\VERSION.dll
0x00007ffa76310000 - 0x00007ffa76346000 	C:\WINDOWS\SYSTEM32\WINMM.dll
0x00007ffa80470000 - 0x00007ffa80484000 	C:\WINDOWS\SYSTEM32\UMPDC.dll
0x00007ffa7f300000 - 0x00007ffa7f31b000 	C:\WINDOWS\SYSTEM32\kernel.appcore.dll
0x00007ffa6e500000 - 0x00007ffa6e50a000 	C:\Program Files\Amazon Corretto\jdk23.0.1_8\bin\jimage.dll
0x00007ffa7d930000 - 0x00007ffa7db72000 	C:\WINDOWS\SYSTEM32\DBGHELP.DLL
0x00007ffa81bc0000 - 0x00007ffa81f43000 	C:\WINDOWS\System32\combase.dll
0x00007ffa81610000 - 0x00007ffa816e9000 	C:\WINDOWS\System32\OLEAUT32.dll
0x00007ffa66360000 - 0x00007ffa6639b000 	C:\WINDOWS\SYSTEM32\dbgcore.DLL
0x00007ffa80ee0000 - 0x00007ffa80f88000 	C:\WINDOWS\System32\bcryptPrimitives.dll
0x00007ffa5b3a0000 - 0x00007ffa5b3be000 	C:\Program Files\Amazon Corretto\jdk23.0.1_8\bin\java.dll
0x00007ffa82020000 - 0x00007ffa821b8000 	C:\WINDOWS\System32\ole32.dll
0x00007ffa82bd0000 - 0x00007ffa83354000 	C:\WINDOWS\System32\SHELL32.dll
0x00007ffa7e1a0000 - 0x00007ffa7ea20000 	C:\WINDOWS\SYSTEM32\windows.storage.dll
0x00007ffa81380000 - 0x00007ffa81476000 	C:\WINDOWS\System32\SHCORE.dll
0x00007ffa82500000 - 0x00007ffa82567000 	C:\WINDOWS\System32\shlwapi.dll
0x00007ffa80550000 - 0x00007ffa80579000 	C:\WINDOWS\SYSTEM32\profapi.dll
0x00007ffa3cfb0000 - 0x00007ffa3d087000 	C:\Program Files\Amazon Corretto\jdk23.0.1_8\bin\jsvml.dll
0x00007ffa6ecd0000 - 0x00007ffa6ece0000 	C:\Program Files\Amazon Corretto\jdk23.0.1_8\bin\net.dll
0x00007ffa7f930000 - 0x00007ffa7f99c000 	C:\WINDOWS\system32\mswsock.dll
0x00007ffa65750000 - 0x00007ffa65766000 	C:\Program Files\Amazon Corretto\jdk23.0.1_8\bin\nio.dll
0x00007ff9bee60000 - 0x00007ff9bf1cf000 	C:\Source\Telegram\Libraries\ton-walletkit-core\build-bc\bin\twk_jni.dll
0x00007ffa80520000 - 0x00007ffa8054a000 	C:\WINDOWS\SYSTEM32\bcrypt.dll

dbghelp: loaded successfully - version: 4.0.5 - missing functions: none
symbol engine: initialized successfully - sym options: 0x614 - pdb path: .;C:\Program Files\Amazon Corretto\jdk23.0.1_8\bin;C:\WINDOWS\SYSTEM32;C:\WINDOWS\WinSxS\amd64_microsoft.windows.common-controls_6595b64144ccf1df_6.0.26100.8521_none_3e08b75ce33403b3;C:\Program Files\Amazon Corretto\jdk23.0.1_8\bin\server;C:\Source\Telegram\Libraries\ton-walletkit-core\build-bc\bin

VM Arguments:
jvm_args: -Djava.library.path=build-bc/bin 
java_command: JniSmoke
java_class_path (initial): build-jni/main;build-jni/json.jar
Launcher Type: SUN_STANDARD

[Global flags]
     intx CICompilerCount                          = 15                                        {product} {ergonomic}
     uint ConcGCThreads                            = 6                                         {product} {ergonomic}
     uint G1ConcRefinementThreads                  = 23                                        {product} {ergonomic}
   size_t G1HeapRegionSize                         = 8388608                                   {product} {ergonomic}
   size_t InitialHeapSize                          = 1073741824                                {product} {ergonomic}
   size_t MarkStackSize                            = 4194304                                   {product} {ergonomic}
   size_t MarkStackSizeMax                         = 536870912                                 {product} {ergonomic}
   size_t MaxHeapSize                              = 17087594496                               {product} {ergonomic}
   size_t MaxNewSize                               = 10250878976                               {product} {ergonomic}
   size_t MinHeapDeltaBytes                        = 8388608                                   {product} {ergonomic}
   size_t MinHeapSize                              = 8388608                                   {product} {ergonomic}
    uintx NonNMethodCodeHeapSize                   = 8192000                                {pd product} {ergonomic}
    uintx NonProfiledCodeHeapSize                  = 121765888                              {pd product} {ergonomic}
    uintx ProfiledCodeHeapSize                     = 121700352                              {pd product} {ergonomic}
    uintx ReservedCodeCacheSize                    = 251658240                              {pd product} {ergonomic}
     bool SegmentedCodeCache                       = true                                      {product} {ergonomic}
   size_t SoftMaxHeapSize                          = 17087594496                            {manageable} {ergonomic}
     bool UseCompressedOops                        = true                           {product lp64_product} {ergonomic}
     bool UseG1GC                                  = true                                      {product} {ergonomic}
     bool UseLargePagesIndividualAllocation        = false                                  {pd product} {ergonomic}

Logging:
Log output configuration:
 #0: stdout all=warning uptime,level,tags foldmultilines=false
 #1: stderr all=off uptime,level,tags foldmultilines=false

Environment Variables:
JAVA_HOME=C:\Program Files\Amazon Corretto\jdk23.0.1_8
PATH=C:\Program Files\WindowsApps\Microsoft.PowerShell_7.6.4.0_x64__8wekyb3d8bbwe;C:\Program Files (x86)\Razer Chroma SDK\bin;C:\Program Files\Razer Chroma SDK\bin;C:\Program Files\Amazon Corretto\jdk23.0.1_8\bin;C:\Program Files\Amazon Corretto\jdk11.0.25_9\bin;C:\Program Files (x86)\VMware\VMware Workstation\bin\;C:\WINDOWS\system32;C:\WINDOWS;C:\WINDOWS\System32\Wbem;C:\WINDOWS\System32\WindowsPowerShell\v1.0\;C:\WINDOWS\System32\OpenSSH\;C:\Program Files (x86)\NVIDIA Corporation\PhysX\Common;C:\Program Files\SafeNet\Authentication\SAC\x64;C:\Program Files\SafeNet\Authentication\SAC\x32;C:\Program Files\Git\cmd;C:\Program Files\TortoiseHg\;C:\Program Files\PuTTY\;C:\Program Files\7-Zip\;C:\Program Files\nodejs\;C:\Program Files\DigiCert\DigiCert Keylocker Tools\;C:\Program Files\dotnet\;C:\Program Files\NVIDIA Corporation\NVIDIA app\NvDLISR;C:\Source\vcpkg\installed\x86-windows\tools\gperf\;;C:\Program Files (x86)\Windows Kits\10\Windows Performance Toolkit\;C:\Program Files (x86)\Razer\ChromaBroadcast\bin;C:\Program Files\Razer\ChromaBroadcast\bin;C:\WINDOWS\system32\config\systemprofile\AppData\Local\Microsoft\WindowsApps;C:\Users\Fela\AppData\Local\Programs\Python\Python312\Scripts\;C:\Users\Fela\AppData\Local\Programs\Python\Python312\;C:\Users\Fela\AppData\Local\Programs\Python\Launcher\;C:\Users\Fela\AppData\Local\Microsoft\WindowsApps;C:\Users\Fela\AppData\Local\Programs\Microsoft VS Code\bin;C:\Users\Fela\.dotnet\tools;C:\Users\Fela\AppData\Local\Programs\Fiddler;C:\Users\Fela\.nuget;C:\Users\Fela\Path\php-8.2.10-Win32-vs16-x64;C:\Users\Fela\AppData\Roaming\npm;C:\Program Files (x86)\Dr. Memory\bin\;C:\Users\Fela\AppData\Local\gitkraken\bin;C:\Program Files\Meson\;C:\WINDOWS\System32\WindowsPowerShell\v1.0\;C:\WINDOWS\System32\OpenSSH\;C:\Program Files\Docker\Docker\resources\bin;C:\Users\Fela\AppData\Local\Programs\Python\Python312\Scripts\;C:\Users\Fela\AppData\Local\Programs\Python\Python312\;C:\Users\Fela\AppData\Local\Programs\Python\Launcher\;C:\Users\Fela\AppData\Local\Microsoft\WindowsApps;C:\Users\Fela\AppData\Local\Programs\Microsoft VS Code\bin;C:\Users\Fela\.dotnet\tools;C:\Users\Fela\AppData\Local\Programs\Fiddler;C:\Users\Fela\.nuget;C:\Users\Fela\Path\php-8.2.10-Win32-vs16-x64;C:\Users\Fela\AppData\Roaming\npm;C:\Program Files (x86)\Dr. Memory\bin\;C:\Users\Fela\AppData\Local\gitkraken\bin;C:\Users\Fela\.dotnet\tools;C:\Program Files (x86)\Rico Suter\NSwagStudio\NSwagStudio\;C:\Users\Fela\Downloads\ffmpeg-master-latest-win64-gpl-shared\bin;C:\Users\Fela\AppData\Local\Microsoft\WindowsApps;C:\Users\Fela\.local\bin;
USERNAME=Fela
OS=Windows_NT
PROCESSOR_IDENTIFIER=Intel64 Family 6 Model 183 Stepping 1, GenuineIntel
TMP=C:\Users\Fela\AppData\Local\Temp
TEMP=C:\Users\Fela\AppData\Local\Temp




Periodic native trim disabled

---------------  S Y S T E M  ---------------

OS:
 Windows 11 , 64 bit Build 26100 (10.0.26100.8521)
OS uptime: 37 days 7:36 hours
Hyper-V role detected

CPU: total 32 (initial active 32) (16 cores per cpu, 2 threads per core) family 6 model 183 stepping 1 microcode 0x112, cx8, cmov, fxsr, ht, mmx, 3dnowpref, sse, sse2, sse3, ssse3, sse4.1, sse4.2, popcnt, lzcnt, tsc, tscinvbit, avx, avx2, aes, erms, clmul, bmi1, bmi2, adx, sha, fma, vzeroupper, clflush, clflushopt, clwb, hv, serialize, rdtscp, rdpid, fsrm, gfni, f16c, cet_ibt, cet_ss
Processor Information for processor 0
  Max Mhz: 2200, Current Mhz: 1466, Mhz Limit: 2200
Processor Information for processor 1
  Max Mhz: 2200, Current Mhz: 2200, Mhz Limit: 2200
Processor Information for processor 2
  Max Mhz: 2200, Current Mhz: 2200, Mhz Limit: 2200
Processor Information for processor 3
  Max Mhz: 2200, Current Mhz: 2200, Mhz Limit: 2200
Processor Information for processor 4
  Max Mhz: 2200, Current Mhz: 2200, Mhz Limit: 2200
Processor Information for processor 5
  Max Mhz: 2200, Current Mhz: 1466, Mhz Limit: 2200
Processor Information for processor 6
  Max Mhz: 2200, Current Mhz: 2200, Mhz Limit: 2200
Processor Information for processor 7
  Max Mhz: 2200, Current Mhz: 1466, Mhz Limit: 2200
Processor Information for processor 8
  Max Mhz: 2200, Current Mhz: 2200, Mhz Limit: 2200
Processor Information for processor 9
  Max Mhz: 2200, Current Mhz: 2200, Mhz Limit: 2200
Processor Information for processor 10
  Max Mhz: 2200, Current Mhz: 2200, Mhz Limit: 2200
Processor Information for processor 11
  Max Mhz: 2200, Current Mhz: 2200, Mhz Limit: 2200
Processor Information for processor 12
  Max Mhz: 2200, Current Mhz: 2200, Mhz Limit: 2200
Processor Information for processor 13
  Max Mhz: 2200, Current Mhz: 2200, Mhz Limit: 2200
Processor Information for processor 14
  Max Mhz: 2200, Current Mhz: 1466, Mhz Limit: 2200
Processor Information for processor 15
  Max Mhz: 2200, Current Mhz: 2200, Mhz Limit: 2200
Processor Information for processor 16
  Max Mhz: 2200, Current Mhz: 1512, Mhz Limit: 2200
Processor Information for processor 17
  Max Mhz: 2200, Current Mhz: 2200, Mhz Limit: 2200
Processor Information for processor 18
  Max Mhz: 2200, Current Mhz: 1512, Mhz Limit: 2200
Processor Information for processor 19
  Max Mhz: 2200, Current Mhz: 2200, Mhz Limit: 2200
Processor Information for processor 20
  Max Mhz: 2200, Current Mhz: 1512, Mhz Limit: 2200
Processor Information for processor 21
  Max Mhz: 2200, Current Mhz: 2200, Mhz Limit: 2200
Processor Information for processor 22
  Max Mhz: 2200, Current Mhz: 1512, Mhz Limit: 2200
Processor Information for processor 23
  Max Mhz: 2200, Current Mhz: 1512, Mhz Limit: 2200
Processor Information for processor 24
  Max Mhz: 2200, Current Mhz: 1512, Mhz Limit: 2200
Processor Information for processor 25
  Max Mhz: 2200, Current Mhz: 1512, Mhz Limit: 2200
Processor Information for processor 26
  Max Mhz: 2200, Current Mhz: 2200, Mhz Limit: 2200
Processor Information for processor 27
  Max Mhz: 2200, Current Mhz: 1512, Mhz Limit: 2200
Processor Information for processor 28
  Max Mhz: 2200, Current Mhz: 2200, Mhz Limit: 2200
Processor Information for processor 29
  Max Mhz: 2200, Current Mhz: 2200, Mhz Limit: 2200
Processor Information for processor 30
  Max Mhz: 2200, Current Mhz: 1512, Mhz Limit: 2200
Processor Information for processor 31
  Max Mhz: 2200, Current Mhz: 1512, Mhz Limit: 2200

Memory: 4k page, system-wide physical 65182M (31599M free)
TotalPageFile size 79518M (AvailPageFile size 27702M)
current process WorkingSet (physical memory assigned to process): 63M, peak: 63M
current process commit charge ("private bytes"): 1174M, peak: 1174M

vm_info: OpenJDK 64-Bit Server VM (23.0.1+8-FR) for windows-amd64 JRE (23.0.1+8-FR), built on 2024-10-11T18:21:33Z with MS VC++ 16.10 / 16.11 (VS2019)

END.
